Modules list:
-------------
w65c816sxb.obj:
    CODE              Offs=000000  Size=00009B  Align=00001  Fill=0000
    RODATA            Offs=000000  Size=000000  Align=00001  Fill=0000
    BSS               Offs=000000  Size=000000  Align=00001  Fill=0000
    DATA              Offs=000000  Size=000000  Align=00001  Fill=0000
    ZEROPAGE          Offs=000000  Size=000000  Align=00001  Fill=0000
    NULL              Offs=000000  Size=000000  Align=00001  Fill=0000
    VECTORS           Offs=000000  Size=000020  Align=00001  Fill=0000
ans-forth.obj:
    CODE              Offs=00009B  Size=000000  Align=00001  Fill=0000
    RODATA            Offs=000000  Size=000000  Align=00001  Fill=0000
    BSS               Offs=000000  Size=000000  Align=00001  Fill=0000
    DATA              Offs=000000  Size=0000B0  Align=00001  Fill=0000
    ZEROPAGE          Offs=000000  Size=000016  Align=00001  Fill=0000
    NULL              Offs=000000  Size=000000  Align=00001  Fill=0000
    FORTH             Offs=000000  Size=001A94  Align=00001  Fill=0000


Segment list:
-------------
Name                   Start     End    Size  Align
----------------------------------------------------
BSS                   000000  000000  000000  00001
NULL                  000000  000000  000000  00001
RODATA                000000  000000  000000  00001
ZEROPAGE              000000  000015  000016  00001
DATA                  000200  0002AF  0000B0  00001
CODE                  000300  00039A  00009B  00001
FORTH                 000400  001E93  001A94  00001
VECTORS               007EE0  007EFF  000020  00001


Exports list by name:
---------------------
RomCheck                  000395  LA    RomSelect                 00037F  LA    
Start                     000400 RLA    UartRx                    000362 RLA    
UartRxTest                000371  LA    UartTx                    000341 RLA    



Exports list by value:
----------------------
UartTx                    000341 RLA    UartRx                    000362 RLA    
UartRxTest                000371  LA    RomSelect                 00037F  LA    
RomCheck                  000395  LA    Start                     000400 RLA    



Imports list:
-------------
RomCheck (w65c816sxb.obj):
RomSelect (w65c816sxb.obj):
Start (ans-forth.obj):
    w65c816sxb.obj            w65c816sxb.asm:52
UartRx (w65c816sxb.obj):
    ans-forth.obj             ans-forth.asm:3595
UartRxTest (w65c816sxb.obj):
UartTx (w65c816sxb.obj):
    ans-forth.obj             ans-forth.asm:3574

